C:\ST\STM32CubeIDE_1.16.0\STM32CubeIDE\plugins\com.st.stm32cube.ide.mcu.externaltools.gnu-tools-for-stm32.12.3.rel1.win32_1.0.200.202406191623\tools\arm-none-eabi\include\c++\12.3.1\arm-none-eabi\thumb\v7e-m+fp\hard\bits\gthr-default.h:229:1:int __gthread_key_delete(__gthread_key_t)	16	static
../Core/Inc/uart.hpp:51:1:UART_Connection::UART_Connection(uint16_t, GPIO_TypeDef*, uint16_t, GPIO_TypeDef*, unsigned int, unsigned int)	24	static
../Core/Inc/uart.hpp:66:5:int UART_Connection::read()	48	static
../Core/Inc/uart.hpp:85:5:int UART_Connection::listen()	16	static
../Core/Inc/uart.hpp:89:7:char* UART_Connection::read_message(char*)	24	static
../Core/Inc/uart.hpp:101:6:int* UART_Connection::read_data(int*)	24	static
../Core/Inc/uart.hpp:113:6:void UART_Connection::send_byte(int)	32	static
../Core/Inc/uart.hpp:133:6:void UART_Connection::send_message(char*)	32	static
../Core/Inc/uart.hpp:147:6:void UART_Connection::send_data(int*)	32	static
../Core/Src/main.cpp:68:5:int main()	64	static
../Core/Src/main.cpp:118:6:void SystemClock_Config()	88	static
../Core/Src/main.cpp:165:13:void MX_USART2_UART_Init()	8	static
../Core/Src/main.cpp:198:13:void MX_GPIO_Init()	48	static
../Core/Src/main.cpp:238:6:void Error_Handler()	4	static,ignoring_inline_asm
../Core/Src/main.cpp:247:1:void __static_initialization_and_destruction_0(int, int)	16	static
../Core/Src/main.cpp:247:1:cpp)	8	static
../Core/Src/main.cpp:247:1:cpp)	8	static
