../Core/Inc/uart.h:47:5:read	40	static
../Core/Inc/uart.h:66:5:listen	8	static
../Core/Inc/uart.h:70:7:read_message	24	static
../Core/Inc/uart.h:82:6:read_data	24	static
../Core/Inc/uart.h:94:6:send_byte	32	static
../Core/Inc/uart.h:120:6:send_message	32	static
../Core/Inc/uart.h:134:6:send_data	32	static
../Core/Inc/uart_sigma.h:18:6:UART_init	8	static
../Core/Inc/uart_sigma.h:22:6:UART_send_byte	32	static
../Core/Inc/uart_sigma.h:54:5:UART_read_byte	24	static
../Core/Src/main.c:64:5:_write	24	static
../Core/Src/main.c:74:5:main	8	static
../Core/Src/main.c:126:6:SystemClock_Config	88	static
../Core/Src/main.c:173:13:MX_USART2_UART_Init	8	static
../Core/Src/main.c:206:13:MX_GPIO_Init	48	static
../Core/Src/main.c:262:6:Error_Handler	4	static,ignoring_inline_asm
