../Core/Src/mpuDataCollection.h:11:6:writeMPU	40	static
../Core/Src/mpuDataCollection.h:176:5:readMPU	48	static
../Core/Src/uartCommunication.h:11:6:sendMsg	32	static
../Core/Src/uartCommunication.h:36:9:readMsg	32	static
../Core/Src/main.c:87:5:__io_putchar	16	static
../Core/Src/main.c:101:5:main	80	static
../Core/Src/main.c:215:6:SystemClock_Config	88	static
../Core/Src/main.c:262:13:MX_USART2_UART_Init	8	static
../Core/Src/main.c:295:13:MX_GPIO_Init	48	static
../Core/Src/main.c:357:6:read_accl_function	88	static
../Core/Src/main.c:415:6:send_data_function	24	static
../Core/Src/main.c:440:6:HAL_TIM_PeriodElapsedCallback	16	static
../Core/Src/main.c:457:6:Error_Handler	4	static,ignoring_inline_asm
