../Core/Src/lcd.h:33:8:reset_lcd_bits	8	static
../Core/Src/lcd.h:48:8:send_lcd_instruction	72	static
../Core/Src/lcd.h:117:8:lcd_print_chars	24	static
../Core/Src/lcd.h:127:8:lcd_clear	8	static
../Core/Src/lcd.h:130:8:lcd_init	8	static
../Core/Src/main.c:62:5:_write	24	static
../Core/Src/main.c:72:5:main	8	static
../Core/Src/main.c:127:6:SystemClock_Config	88	static
../Core/Src/main.c:174:13:MX_USART2_UART_Init	8	static
../Core/Src/main.c:207:13:MX_GPIO_Init	48	static
../Core/Src/main.c:270:6:Error_Handler	4	static,ignoring_inline_asm
