../Core/Inc/lcd.h:31:8:reset_lcd_bits	8	static
../Core/Inc/lcd.h:46:8:send_lcd_instruction	72	static
../Core/Inc/lcd.h:115:8:lcd_print_chars	24	static
../Core/Inc/lcd.h:125:8:lcd_clear	8	static
../Core/Inc/lcd.h:128:8:lcd_init	8	static
../Core/Inc/uart_d.h:19:6:sendMsg	32	static
../Core/Inc/uart_d.h:44:8:readMsg	32	static
../Core/Src/main.c:62:5:_write	24	static
../Core/Src/main.c:72:5:main	48	static
../Core/Src/main.c:153:6:SystemClock_Config	88	static
../Core/Src/main.c:200:13:MX_USART2_UART_Init	8	static
../Core/Src/main.c:233:13:MX_GPIO_Init	48	static
../Core/Src/main.c:305:6:Error_Handler	4	static,ignoring_inline_asm
