../Core/Inc/lcd.h:31:8:reset_lcd_bits	8	static
../Core/Inc/lcd.h:46:8:send_lcd_instruction	72	static
../Core/Inc/lcd.h:115:8:lcd_print_chars	24	static
../Core/Inc/lcd.h:125:8:lcd_clear	8	static
../Core/Inc/lcd.h:128:8:lcd_init	8	static
../Core/Inc/uart_sigma.h:18:6:UART_init	8	static
../Core/Inc/uart_sigma.h:22:6:UART_send_byte	32	static
../Core/Inc/uart_sigma.h:51:5:UART_read_byte	24	static
../Core/Src/main.c:62:5:_write	24	static
../Core/Src/main.c:72:5:main	16	static
../Core/Src/main.c:143:6:SystemClock_Config	88	static
../Core/Src/main.c:190:13:MX_USART2_UART_Init	8	static
../Core/Src/main.c:223:13:MX_GPIO_Init	48	static
../Core/Src/main.c:295:6:Error_Handler	4	static,ignoring_inline_asm
